Carina ▾   ·  workspace conversation                                                                    gpt-5.5   Build
────────────────────────────────────────────────────────────────────────────────────────────────────────────────────────
<blank:32>
   Ready in workspace
   Describe the change you want to make.
<blank:2>
 ──────────────────────────────────────────────────────────────────────────────────────────────────────────────────────
 ❯
