Carina ▾   ·  workspace conversation                                                                    gpt-5.5   Build
────────────────────────────────────────────────────────────────────────────────────────────────────────────────────────
<blank:13>
                                                       ⠀⢀⣀⣀⡀⣠⣶⣶⣄⠀
                                                       ⠀⣿⣿⣿⣿⣿⣿⣿⣿⠀
                                                       ⠀⠙⣿⣿⡏⠀⠈⢻⡇⠀
                                                       ⠀⢰⣿⣿⣿⣦⣴⣿⡿⠀
                                                       ⠀⠈⠻⠿⠟⠁⠀⠀⠀⠀
<blank:1>
                                                         Carina
                                       Type a request, or /help · /model · /status
<blank:14>
 ──────────────────────────────────────────────────────────────────────────────────────────────────────────────────────
 ❯ Describe the change you want to make.
 ──────────────────────────────────────────────────────────────────────────────────────────────────────────────────────
