<blank:1>
  Carina                                                             Provider
  Model not selected  ·  reasoning pending  ·  Relay profile  ·  CC Switch /…
  ────────────────────────────────────────────────────────────────────────────
<blank:1>
  ▌ Connect a provider
    Choose the model endpoint Carina may use for this workspace.
<blank:1>
  ────────────────────────────────────────────────────────────────────────────
  ╭ Providers  1 of 1 ───────────────────────────────────────────────────────╮
  │ /  Search all 1 providers by provider or model name / ID                 │
  │ ──────────────────────────────────────────────────────────────────────── │
  │ ▌ Relay profile                                         ◆ Active route   │
  │ │ Codex  ·  active via proxy  ·  1 model                                 │
  │                                                                          │
  │                                                                          │
  │                                                                          │
  │                                                                          │
  ╰──────────────────────────────────────────────────────────────────────────╯
   Connection ────────────────────────────────────────────────────────────────
  ◆ Relay profile  ·  Active route                           Use active route
   Esc  Exit   Enter  Use active route   /  Search   ↑↓  Navigate
