Carina  ·  workspace conversation                                             Sessions   Model   Build ⇧Tab   Settings
gpt-5.5  ·  high reasoning  ·  Test  ·  Direct API  ·  workspace
────────────────────────────────────────────────────────────────────────────────────────────────────────────────────────
<blank:30>
   Ready in workspace
   Describe the change you want to make.
<blank:2>
 ╭ Message ───────────────────────────────────────────────────────────────────────────────────────────────────────────╮
 │                                                                                                                    │
 ╰────────────────────────────────────────────────────────────────────────────────────────────────────────────────────╯
