---
source: crates/carina-tui/tests/golden_frames.rs
expression: "render_status(\"running\", Some(\"running tests\"), 0, None)"
---
size=120x2
⠧ running tests  1m02  Esc pause safely
run running · HITL ask · isolation safe edit + command sandbox · ctx unknown · screen minimal
styles:
(0, 0)..(39, 0) (Rgb(142, 219, 210), Reset, NONE)
(0, 1)..(11, 1) (Rgb(142, 219, 210), Reset, NONE)
(11, 1)..(14, 1) (Rgb(150, 160, 156), Reset, NONE)
(14, 1)..(22, 1) (Rgb(142, 219, 210), Reset, NONE)
(22, 1)..(93, 1) (Rgb(150, 160, 156), Reset, NONE)
