---
source: crates/carina-tui/tests/golden_frames.rs
expression: "render_status(\"running\", Some(\"checking context\"), 0, Some(&warning_context))"
---
size=120x1
⠧ checking cont…  1m02        · Ctrl-C stop              ·  85K / 100K 85.0% ███████░
styles:
(0, 0)..(55, 0) (Rgb(150, 160, 156), Reset, NONE)
(59, 0)..(85, 0) (Rgb(232, 168, 95), Reset, NONE)
